export const snapshot = {};

snapshot[`it can copy, compile and vendor entrypoints producing valid import maps 1`] = `
{
  imports: {
    "./client.tsx": "./client.97c35c59.js",
    "./src/app.tsx": "./src/app.886415b0.js",
    "./src/components/Test.tsx": "./src/components/Test.8f9fddfe.js",
    "https://deno.land/": "./vendor/browser/deno.land/",
    "https://deno.land/x/ultra/hooks/use-asset.js": "./vendor/browser/deno.land/x/ultra@v2.0.0-alpha.18/hooks/use-asset.js",
    "https://esm.sh/": "./vendor/browser/esm.sh/",
    "https://esm.sh/react-dom@18.2.0/client": "./vendor/browser/esm.sh/v92/react-dom@18.2.0/es2022/client.js",
    "https://esm.sh/react@18.2.0": "./vendor/browser/esm.sh/stable/react@18.2.0/es2022/react.js",
    "https://esm.sh/react@18.2.0/jsx-runtime": "./vendor/browser/esm.sh/stable/react@18.2.0/es2022/jsx-runtime.js",
    react: "./vendor/browser/esm.sh/stable/react@18.2.0/es2022/react.js",
    "react-dom/client": "./vendor/browser/esm.sh/v92/react-dom@18.2.0/es2022/client.js",
    "react/jsx-runtime": "./vendor/browser/esm.sh/stable/react@18.2.0/es2022/jsx-runtime.js",
    "ultra/hooks/use-asset.js": "./vendor/browser/deno.land/x/ultra@v2.0.0-alpha.18/hooks/use-asset.js",
  },
  scopes: {
    "./vendor/browser/deno.land/": {
      "/x/ultra@v2.0.0-alpha.18/hooks/asset-context.js": "./vendor/browser/deno.land/x/ultra@v2.0.0-alpha.18/hooks/asset-context.js",
      "/x/ultra@v2.0.0-alpha.18/hooks/use-asset.js": "./vendor/browser/deno.land/x/ultra@v2.0.0-alpha.18/hooks/use-asset.js",
    },
    "./vendor/browser/esm.sh/": {
      "/stable/react@18.2.0/es2022/jsx-runtime.js": "./vendor/browser/esm.sh/stable/react@18.2.0/es2022/jsx-runtime.js",
      "/stable/react@18.2.0/es2022/react.js": "./vendor/browser/esm.sh/stable/react@18.2.0/es2022/react.js",
      "/v92/react-dom@18.2.0/es2022/client.js": "./vendor/browser/esm.sh/v92/react-dom@18.2.0/es2022/client.js",
      "/v92/react-dom@18.2.0/es2022/react-dom.js": "./vendor/browser/esm.sh/v92/react-dom@18.2.0/es2022/react-dom.js",
      "/v92/scheduler@0.23.0/es2022/scheduler.js": "./vendor/browser/esm.sh/v92/scheduler@0.23.0/es2022/scheduler.js",
    },
  },
}
`;

snapshot[`it can copy, compile and vendor entrypoints producing valid import maps 2`] = `
{
  imports: {
    "./server.js": "./server.js",
    "./src/app.tsx": "./src/app.886415b0.js",
    "./src/components/Test.tsx": "./src/components/Test.8f9fddfe.js",
    "https://deno.land/": "./vendor/server/deno.land/",
    "https://deno.land/x/ultra/hooks/use-asset.js": "./vendor/server/deno.land/x/ultra@v2.0.0-alpha.18/hooks/use-asset.js",
    "https://deno.land/x/ultra/server.ts": "./vendor/server/deno.land/x/ultra@v2.0.0-alpha.18/server.ts",
    "https://esm.sh/": "./vendor/server/esm.sh/",
    "https://esm.sh/@swc/wasm-web@1.2.242/wasm-web.js": "./vendor/server/esm.sh/v92/@swc/wasm-web@1.2.242/deno/wasm-web.js",
    "https://esm.sh/react-dom@18.2.0/server": "./vendor/server/esm.sh/v92/react-dom@18.2.0/deno/server.js",
    "https://esm.sh/react@18.2.0": "./vendor/server/esm.sh/stable/react@18.2.0/deno/react.js",
    "https://esm.sh/react@18.2.0/jsx-runtime": "./vendor/server/esm.sh/stable/react@18.2.0/deno/jsx-runtime.js",
    "https://esm.sh/rehype-highlight": "./vendor/server/esm.sh/v92/rehype-highlight@5.0.2/deno/rehype-highlight.js",
    react: "./vendor/server/esm.sh/stable/react@18.2.0/deno/react.js",
    "react-dom/server": "./vendor/server/esm.sh/v92/react-dom@18.2.0/deno/server.js",
    "react/jsx-runtime": "./vendor/server/esm.sh/stable/react@18.2.0/deno/jsx-runtime.js",
    "ultra/hooks/use-asset.js": "./vendor/server/deno.land/x/ultra@v2.0.0-alpha.18/hooks/use-asset.js",
    "ultra/server.ts": "./vendor/server/deno.land/x/ultra@v2.0.0-alpha.18/server.ts",
  },
  scopes: {
    "./vendor/server/deno.land/": {
      "/std@0.153.0/_deno_unstable.ts": "./vendor/server/deno.land/std@0.153.0/_deno_unstable.ts",
      "/std@0.153.0/_util/assert.ts": "./vendor/server/deno.land/std@0.153.0/_util/assert.ts",
      "/std@0.153.0/_util/os.ts": "./vendor/server/deno.land/std@0.153.0/_util/os.ts",
      "/std@0.153.0/async/abortable.ts": "./vendor/server/deno.land/std@0.153.0/async/abortable.ts",
      "/std@0.153.0/async/deadline.ts": "./vendor/server/deno.land/std@0.153.0/async/deadline.ts",
      "/std@0.153.0/async/debounce.ts": "./vendor/server/deno.land/std@0.153.0/async/debounce.ts",
      "/std@0.153.0/async/deferred.ts": "./vendor/server/deno.land/std@0.153.0/async/deferred.ts",
      "/std@0.153.0/async/delay.ts": "./vendor/server/deno.land/std@0.153.0/async/delay.ts",
      "/std@0.153.0/async/mod.ts": "./vendor/server/deno.land/std@0.153.0/async/mod.ts",
      "/std@0.153.0/async/mux_async_iterator.ts": "./vendor/server/deno.land/std@0.153.0/async/mux_async_iterator.ts",
      "/std@0.153.0/async/pool.ts": "./vendor/server/deno.land/std@0.153.0/async/pool.ts",
      "/std@0.153.0/async/tee.ts": "./vendor/server/deno.land/std@0.153.0/async/tee.ts",
      "/std@0.153.0/bytes/bytes_list.ts": "./vendor/server/deno.land/std@0.153.0/bytes/bytes_list.ts",
      "/std@0.153.0/bytes/equals.ts": "./vendor/server/deno.land/std@0.153.0/bytes/equals.ts",
      "/std@0.153.0/bytes/mod.ts": "./vendor/server/deno.land/std@0.153.0/bytes/mod.ts",
      "/std@0.153.0/encoding/base64.ts": "./vendor/server/deno.land/std@0.153.0/encoding/base64.ts",
      "/std@0.153.0/fmt/colors.ts": "./vendor/server/deno.land/std@0.153.0/fmt/colors.ts",
      "/std@0.153.0/fmt/printf.ts": "./vendor/server/deno.land/std@0.153.0/fmt/printf.ts",
      "/std@0.153.0/fs/exists.ts": "./vendor/server/deno.land/std@0.153.0/fs/exists.ts",
      "/std@0.153.0/http/server.ts": "./vendor/server/deno.land/std@0.153.0/http/server.ts",
      "/std@0.153.0/io/buffer.ts": "./vendor/server/deno.land/std@0.153.0/io/buffer.ts",
      "/std@0.153.0/io/readers.ts": "./vendor/server/deno.land/std@0.153.0/io/readers.ts",
      "/std@0.153.0/log/handlers.ts": "./vendor/server/deno.land/std@0.153.0/log/handlers.ts",
      "/std@0.153.0/log/levels.ts": "./vendor/server/deno.land/std@0.153.0/log/levels.ts",
      "/std@0.153.0/log/logger.ts": "./vendor/server/deno.land/std@0.153.0/log/logger.ts",
      "/std@0.153.0/log/mod.ts": "./vendor/server/deno.land/std@0.153.0/log/mod.ts",
      "/std@0.153.0/path/_constants.ts": "./vendor/server/deno.land/std@0.153.0/path/_constants.ts",
      "/std@0.153.0/path/_interface.ts": "./vendor/server/deno.land/std@0.153.0/path/_interface.ts",
      "/std@0.153.0/path/_util.ts": "./vendor/server/deno.land/std@0.153.0/path/_util.ts",
      "/std@0.153.0/path/common.ts": "./vendor/server/deno.land/std@0.153.0/path/common.ts",
      "/std@0.153.0/path/glob.ts": "./vendor/server/deno.land/std@0.153.0/path/glob.ts",
      "/std@0.153.0/path/mod.ts": "./vendor/server/deno.land/std@0.153.0/path/mod.ts",
      "/std@0.153.0/path/posix.ts": "./vendor/server/deno.land/std@0.153.0/path/posix.ts",
      "/std@0.153.0/path/separator.ts": "./vendor/server/deno.land/std@0.153.0/path/separator.ts",
      "/std@0.153.0/path/win32.ts": "./vendor/server/deno.land/std@0.153.0/path/win32.ts",
      "/std@0.153.0/semver/mod.ts": "./vendor/server/deno.land/std@0.153.0/semver/mod.ts",
      "/std@0.153.0/streams/conversion.ts": "./vendor/server/deno.land/std@0.153.0/streams/conversion.ts",
      "/std@0.85.0/async/deferred.ts": "./vendor/server/deno.land/std@0.85.0/async/deferred.ts",
      "/std@0.85.0/async/delay.ts": "./vendor/server/deno.land/std@0.85.0/async/delay.ts",
      "/std@0.85.0/async/mod.ts": "./vendor/server/deno.land/std@0.85.0/async/mod.ts",
      "/std@0.85.0/async/mux_async_iterator.ts": "./vendor/server/deno.land/std@0.85.0/async/mux_async_iterator.ts",
      "/std@0.85.0/async/pool.ts": "./vendor/server/deno.land/std@0.85.0/async/pool.ts",
      "/std@0.85.0/encoding/base64.ts": "./vendor/server/deno.land/std@0.85.0/encoding/base64.ts",
      "/std@0.85.0/encoding/hex.ts": "./vendor/server/deno.land/std@0.85.0/encoding/hex.ts",
      "/std@0.85.0/fmt/colors.ts": "./vendor/server/deno.land/std@0.85.0/fmt/colors.ts",
      "/std@0.85.0/node/_utils.ts": "./vendor/server/deno.land/std@0.85.0/node/_utils.ts",
      "/std@0.85.0/node/buffer.ts": "./vendor/server/deno.land/std@0.85.0/node/buffer.ts",
      "/std@0.85.0/testing/_diff.ts": "./vendor/server/deno.land/std@0.85.0/testing/_diff.ts",
      "/std@0.85.0/testing/asserts.ts": "./vendor/server/deno.land/std@0.85.0/testing/asserts.ts",
      "/std@0.97.0/_util/assert.ts": "./vendor/server/deno.land/std@0.97.0/_util/assert.ts",
      "/std@0.97.0/_util/os.ts": "./vendor/server/deno.land/std@0.97.0/_util/os.ts",
      "/std@0.97.0/encoding/base64.ts": "./vendor/server/deno.land/std@0.97.0/encoding/base64.ts",
      "/std@0.97.0/encoding/hex.ts": "./vendor/server/deno.land/std@0.97.0/encoding/hex.ts",
      "/std@0.97.0/fmt/colors.ts": "./vendor/server/deno.land/std@0.97.0/fmt/colors.ts",
      "/std@0.97.0/fs/_util.ts": "./vendor/server/deno.land/std@0.97.0/fs/_util.ts",
      "/std@0.97.0/fs/ensure_dir.ts": "./vendor/server/deno.land/std@0.97.0/fs/ensure_dir.ts",
      "/std@0.97.0/fs/exists.ts": "./vendor/server/deno.land/std@0.97.0/fs/exists.ts",
      "/std@0.97.0/hash/_wasm/hash.ts": "./vendor/server/deno.land/std@0.97.0/hash/_wasm/hash.ts",
      "/std@0.97.0/hash/_wasm/wasm.js": "./vendor/server/deno.land/std@0.97.0/hash/_wasm/wasm.js",
      "/std@0.97.0/hash/mod.ts": "./vendor/server/deno.land/std@0.97.0/hash/mod.ts",
      "/std@0.97.0/path/_constants.ts": "./vendor/server/deno.land/std@0.97.0/path/_constants.ts",
      "/std@0.97.0/path/_interface.ts": "./vendor/server/deno.land/std@0.97.0/path/_interface.ts",
      "/std@0.97.0/path/_util.ts": "./vendor/server/deno.land/std@0.97.0/path/_util.ts",
      "/std@0.97.0/path/common.ts": "./vendor/server/deno.land/std@0.97.0/path/common.ts",
      "/std@0.97.0/path/glob.ts": "./vendor/server/deno.land/std@0.97.0/path/glob.ts",
      "/std@0.97.0/path/mod.ts": "./vendor/server/deno.land/std@0.97.0/path/mod.ts",
      "/std@0.97.0/path/posix.ts": "./vendor/server/deno.land/std@0.97.0/path/posix.ts",
      "/std@0.97.0/path/separator.ts": "./vendor/server/deno.land/std@0.97.0/path/separator.ts",
      "/std@0.97.0/path/win32.ts": "./vendor/server/deno.land/std@0.97.0/path/win32.ts",
      "/x/cache@0.2.13/cache.ts": "./vendor/server/deno.land/x/cache@0.2.13/cache.ts",
      "/x/cache@0.2.13/deps.ts": "./vendor/server/deno.land/x/cache@0.2.13/deps.ts",
      "/x/cache@0.2.13/directories.ts": "./vendor/server/deno.land/x/cache@0.2.13/directories.ts",
      "/x/cache@0.2.13/file.ts": "./vendor/server/deno.land/x/cache@0.2.13/file.ts",
      "/x/cache@0.2.13/file_fetcher.ts": "./vendor/server/deno.land/x/cache@0.2.13/file_fetcher.ts",
      "/x/cache@0.2.13/helpers.ts": "./vendor/server/deno.land/x/cache@0.2.13/helpers.ts",
      "/x/cache@0.2.13/mod.ts": "./vendor/server/deno.land/x/cache@0.2.13/mod.ts",
      "/x/crayon@3.3.2/mod.ts": "./vendor/server/deno.land/x/crayon@3.3.2/mod.ts",
      "/x/crayon@3.3.2/src/conversions.ts": "./vendor/server/deno.land/x/crayon@3.3.2/src/conversions.ts",
      "/x/crayon@3.3.2/src/crayon.ts": "./vendor/server/deno.land/x/crayon@3.3.2/src/crayon.ts",
      "/x/crayon@3.3.2/src/styles.ts": "./vendor/server/deno.land/x/crayon@3.3.2/src/styles.ts",
      "/x/crayon@3.3.2/src/util.ts": "./vendor/server/deno.land/x/crayon@3.3.2/src/util.ts",
      "/x/hono@v2.1.2/compose.ts": "./vendor/server/deno.land/x/hono@v2.1.2/compose.ts",
      "/x/hono@v2.1.2/context.ts": "./vendor/server/deno.land/x/hono@v2.1.2/context.ts",
      "/x/hono@v2.1.2/deno/serve-static.ts": "./vendor/server/deno.land/x/hono@v2.1.2/deno/serve-static.ts",
      "/x/hono@v2.1.2/hono.ts": "./vendor/server/deno.land/x/hono@v2.1.2/hono.ts",
      "/x/hono@v2.1.2/middleware.ts": "./vendor/server/deno.land/x/hono@v2.1.2/middleware.ts",
      "/x/hono@v2.1.2/middleware/basic-auth/index.ts": "./vendor/server/deno.land/x/hono@v2.1.2/middleware/basic-auth/index.ts",
      "/x/hono@v2.1.2/middleware/bearer-auth/index.ts": "./vendor/server/deno.land/x/hono@v2.1.2/middleware/bearer-auth/index.ts",
      "/x/hono@v2.1.2/middleware/compress/index.ts": "./vendor/server/deno.land/x/hono@v2.1.2/middleware/compress/index.ts",
      "/x/hono@v2.1.2/middleware/cors/index.ts": "./vendor/server/deno.land/x/hono@v2.1.2/middleware/cors/index.ts",
      "/x/hono@v2.1.2/middleware/etag/index.ts": "./vendor/server/deno.land/x/hono@v2.1.2/middleware/etag/index.ts",
      "/x/hono@v2.1.2/middleware/html/index.ts": "./vendor/server/deno.land/x/hono@v2.1.2/middleware/html/index.ts",
      "/x/hono@v2.1.2/middleware/jsx/index.ts": "./vendor/server/deno.land/x/hono@v2.1.2/middleware/jsx/index.ts",
      "/x/hono@v2.1.2/middleware/jwt/index.ts": "./vendor/server/deno.land/x/hono@v2.1.2/middleware/jwt/index.ts",
      "/x/hono@v2.1.2/middleware/logger/index.ts": "./vendor/server/deno.land/x/hono@v2.1.2/middleware/logger/index.ts",
      "/x/hono@v2.1.2/middleware/powered-by/index.ts": "./vendor/server/deno.land/x/hono@v2.1.2/middleware/powered-by/index.ts",
      "/x/hono@v2.1.2/middleware/pretty-json/index.ts": "./vendor/server/deno.land/x/hono@v2.1.2/middleware/pretty-json/index.ts",
      "/x/hono@v2.1.2/mod.ts": "./vendor/server/deno.land/x/hono@v2.1.2/mod.ts",
      "/x/hono@v2.1.2/request.ts": "./vendor/server/deno.land/x/hono@v2.1.2/request.ts",
      "/x/hono@v2.1.2/router.ts": "./vendor/server/deno.land/x/hono@v2.1.2/router.ts",
      "/x/hono@v2.1.2/router/reg-exp-router/index.ts": "./vendor/server/deno.land/x/hono@v2.1.2/router/reg-exp-router/index.ts",
      "/x/hono@v2.1.2/router/reg-exp-router/node.ts": "./vendor/server/deno.land/x/hono@v2.1.2/router/reg-exp-router/node.ts",
      "/x/hono@v2.1.2/router/reg-exp-router/router.ts": "./vendor/server/deno.land/x/hono@v2.1.2/router/reg-exp-router/router.ts",
      "/x/hono@v2.1.2/router/reg-exp-router/trie.ts": "./vendor/server/deno.land/x/hono@v2.1.2/router/reg-exp-router/trie.ts",
      "/x/hono@v2.1.2/router/trie-router/index.ts": "./vendor/server/deno.land/x/hono@v2.1.2/router/trie-router/index.ts",
      "/x/hono@v2.1.2/router/trie-router/node.ts": "./vendor/server/deno.land/x/hono@v2.1.2/router/trie-router/node.ts",
      "/x/hono@v2.1.2/router/trie-router/router.ts": "./vendor/server/deno.land/x/hono@v2.1.2/router/trie-router/router.ts",
      "/x/hono@v2.1.2/utils/body.ts": "./vendor/server/deno.land/x/hono@v2.1.2/utils/body.ts",
      "/x/hono@v2.1.2/utils/buffer.ts": "./vendor/server/deno.land/x/hono@v2.1.2/utils/buffer.ts",
      "/x/hono@v2.1.2/utils/cookie.ts": "./vendor/server/deno.land/x/hono@v2.1.2/utils/cookie.ts",
      "/x/hono@v2.1.2/utils/crypto.ts": "./vendor/server/deno.land/x/hono@v2.1.2/utils/crypto.ts",
      "/x/hono@v2.1.2/utils/encode.ts": "./vendor/server/deno.land/x/hono@v2.1.2/utils/encode.ts",
      "/x/hono@v2.1.2/utils/filepath.ts": "./vendor/server/deno.land/x/hono@v2.1.2/utils/filepath.ts",
      "/x/hono@v2.1.2/utils/html.ts": "./vendor/server/deno.land/x/hono@v2.1.2/utils/html.ts",
      "/x/hono@v2.1.2/utils/jwt/index.ts": "./vendor/server/deno.land/x/hono@v2.1.2/utils/jwt/index.ts",
      "/x/hono@v2.1.2/utils/jwt/jwt.ts": "./vendor/server/deno.land/x/hono@v2.1.2/utils/jwt/jwt.ts",
      "/x/hono@v2.1.2/utils/jwt/types.ts": "./vendor/server/deno.land/x/hono@v2.1.2/utils/jwt/types.ts",
      "/x/hono@v2.1.2/utils/mime.ts": "./vendor/server/deno.land/x/hono@v2.1.2/utils/mime.ts",
      "/x/hono@v2.1.2/utils/url.ts": "./vendor/server/deno.land/x/hono@v2.1.2/utils/url.ts",
      "/x/tty@0.1.4/ansi_regex.ts": "./vendor/server/deno.land/x/tty@0.1.4/ansi_regex.ts",
      "/x/tty@0.1.4/combining.ts": "./vendor/server/deno.land/x/tty@0.1.4/combining.ts",
      "/x/tty@0.1.4/is_interactive.ts": "./vendor/server/deno.land/x/tty@0.1.4/is_interactive.ts",
      "/x/tty@0.1.4/mod.ts": "./vendor/server/deno.land/x/tty@0.1.4/mod.ts",
      "/x/tty@0.1.4/strip_ansi.ts": "./vendor/server/deno.land/x/tty@0.1.4/strip_ansi.ts",
      "/x/tty@0.1.4/tty_async.ts": "./vendor/server/deno.land/x/tty@0.1.4/tty_async.ts",
      "/x/tty@0.1.4/tty_sync.ts": "./vendor/server/deno.land/x/tty@0.1.4/tty_sync.ts",
      "/x/tty@0.1.4/util.ts": "./vendor/server/deno.land/x/tty@0.1.4/util.ts",
      "/x/tty@0.1.4/wcwidth.ts": "./vendor/server/deno.land/x/tty@0.1.4/wcwidth.ts",
      "/x/ultra@v2.0.0-alpha.18/hooks/asset-context.js": "./vendor/server/deno.land/x/ultra@v2.0.0-alpha.18/hooks/asset-context.js",
      "/x/ultra@v2.0.0-alpha.18/hooks/flush-effect-context.js": "./vendor/server/deno.land/x/ultra@v2.0.0-alpha.18/hooks/flush-effect-context.js",
      "/x/ultra@v2.0.0-alpha.18/hooks/server-context.js": "./vendor/server/deno.land/x/ultra@v2.0.0-alpha.18/hooks/server-context.js",
      "/x/ultra@v2.0.0-alpha.18/hooks/use-asset.js": "./vendor/server/deno.land/x/ultra@v2.0.0-alpha.18/hooks/use-asset.js",
      "/x/ultra@v2.0.0-alpha.18/hooks/use-flush-effects.js": "./vendor/server/deno.land/x/ultra@v2.0.0-alpha.18/hooks/use-flush-effects.js",
      "/x/ultra@v2.0.0-alpha.18/lib/compiler/transform.ts": "./vendor/server/deno.land/x/ultra@v2.0.0-alpha.18/lib/compiler/transform.ts",
      "/x/ultra@v2.0.0-alpha.18/lib/constants.ts": "./vendor/server/deno.land/x/ultra@v2.0.0-alpha.18/lib/constants.ts",
      "/x/ultra@v2.0.0-alpha.18/lib/deps.ts": "./vendor/server/deno.land/x/ultra@v2.0.0-alpha.18/lib/deps.ts",
      "/x/ultra@v2.0.0-alpha.18/lib/dev/ensureMinDenoVersion.ts": "./vendor/server/deno.land/x/ultra@v2.0.0-alpha.18/lib/dev/ensureMinDenoVersion.ts",
      "/x/ultra@v2.0.0-alpha.18/lib/logger.ts": "./vendor/server/deno.land/x/ultra@v2.0.0-alpha.18/lib/logger.ts",
      "/x/ultra@v2.0.0-alpha.18/lib/middleware/compiler.ts": "./vendor/server/deno.land/x/ultra@v2.0.0-alpha.18/lib/middleware/compiler.ts",
      "/x/ultra@v2.0.0-alpha.18/lib/middleware/serveStatic.ts": "./vendor/server/deno.land/x/ultra@v2.0.0-alpha.18/lib/middleware/serveStatic.ts",
      "/x/ultra@v2.0.0-alpha.18/lib/provider.ts": "./vendor/server/deno.land/x/ultra@v2.0.0-alpha.18/lib/provider.ts",
      "/x/ultra@v2.0.0-alpha.18/lib/render.ts": "./vendor/server/deno.land/x/ultra@v2.0.0-alpha.18/lib/render.ts",
      "/x/ultra@v2.0.0-alpha.18/lib/server.ts": "./vendor/server/deno.land/x/ultra@v2.0.0-alpha.18/lib/server.ts",
      "/x/ultra@v2.0.0-alpha.18/lib/stream.ts": "./vendor/server/deno.land/x/ultra@v2.0.0-alpha.18/lib/stream.ts",
      "/x/ultra@v2.0.0-alpha.18/lib/types.ts": "./vendor/server/deno.land/x/ultra@v2.0.0-alpha.18/lib/types.ts",
      "/x/ultra@v2.0.0-alpha.18/lib/ultra.ts": "./vendor/server/deno.land/x/ultra@v2.0.0-alpha.18/lib/ultra.ts",
      "/x/ultra@v2.0.0-alpha.18/lib/utils/import-map.ts": "./vendor/server/deno.land/x/ultra@v2.0.0-alpha.18/lib/utils/import-map.ts",
      "/x/ultra@v2.0.0-alpha.18/lib/utils/non-nullable.ts": "./vendor/server/deno.land/x/ultra@v2.0.0-alpha.18/lib/utils/non-nullable.ts",
      "/x/ultra@v2.0.0-alpha.18/lib/utils/url.ts": "./vendor/server/deno.land/x/ultra@v2.0.0-alpha.18/lib/utils/url.ts",
      "/x/ultra@v2.0.0-alpha.18/server.ts": "./vendor/server/deno.land/x/ultra@v2.0.0-alpha.18/server.ts",
      "/x/wait@0.1.12/deps.ts": "./vendor/server/deno.land/x/wait@0.1.12/deps.ts",
      "/x/wait@0.1.12/log_symbols.ts": "./vendor/server/deno.land/x/wait@0.1.12/log_symbols.ts",
      "/x/wait@0.1.12/mod.ts": "./vendor/server/deno.land/x/wait@0.1.12/mod.ts",
      "/x/wait@0.1.12/spinners.ts": "./vendor/server/deno.land/x/wait@0.1.12/spinners.ts",
    },
    "./vendor/server/esm.sh/": {
      "/stable/react@18.2.0/deno/jsx-runtime.js": "./vendor/server/esm.sh/stable/react@18.2.0/deno/jsx-runtime.js",
      "/stable/react@18.2.0/deno/react.js": "./vendor/server/esm.sh/stable/react@18.2.0/deno/react.js",
      "/v92/@swc/wasm-web@1.2.242/deno/wasm-web.js": "./vendor/server/esm.sh/v92/@swc/wasm-web@1.2.242/deno/wasm-web.js",
      "/v92/fault@2.0.1/deno/fault.js": "./vendor/server/esm.sh/v92/fault@2.0.1/deno/fault.js",
      "/v92/format@0.2.2/deno/format.js": "./vendor/server/esm.sh/v92/format@0.2.2/deno/format.js",
      "/v92/hast-util-is-element@2.1.2/deno/hast-util-is-element.js": "./vendor/server/esm.sh/v92/hast-util-is-element@2.1.2/deno/hast-util-is-element.js",
      "/v92/hast-util-to-text@3.1.1/deno/hast-util-to-text.js": "./vendor/server/esm.sh/v92/hast-util-to-text@3.1.1/deno/hast-util-to-text.js",
      "/v92/highlight.js@11.6.0/deno/lib/core.js": "./vendor/server/esm.sh/v92/highlight.js@11.6.0/deno/lib/core.js",
      "/v92/highlight.js@11.6.0/deno/lib/languages/arduino.js": "./vendor/server/esm.sh/v92/highlight.js@11.6.0/deno/lib/languages/arduino.js",
      "/v92/highlight.js@11.6.0/deno/lib/languages/bash.js": "./vendor/server/esm.sh/v92/highlight.js@11.6.0/deno/lib/languages/bash.js",
      "/v92/highlight.js@11.6.0/deno/lib/languages/c.js": "./vendor/server/esm.sh/v92/highlight.js@11.6.0/deno/lib/languages/c.js",
      "/v92/highlight.js@11.6.0/deno/lib/languages/cpp.js": "./vendor/server/esm.sh/v92/highlight.js@11.6.0/deno/lib/languages/cpp.js",
      "/v92/highlight.js@11.6.0/deno/lib/languages/csharp.js": "./vendor/server/esm.sh/v92/highlight.js@11.6.0/deno/lib/languages/csharp.js",
      "/v92/highlight.js@11.6.0/deno/lib/languages/css.js": "./vendor/server/esm.sh/v92/highlight.js@11.6.0/deno/lib/languages/css.js",
      "/v92/highlight.js@11.6.0/deno/lib/languages/diff.js": "./vendor/server/esm.sh/v92/highlight.js@11.6.0/deno/lib/languages/diff.js",
      "/v92/highlight.js@11.6.0/deno/lib/languages/go.js": "./vendor/server/esm.sh/v92/highlight.js@11.6.0/deno/lib/languages/go.js",
      "/v92/highlight.js@11.6.0/deno/lib/languages/graphql.js": "./vendor/server/esm.sh/v92/highlight.js@11.6.0/deno/lib/languages/graphql.js",
      "/v92/highlight.js@11.6.0/deno/lib/languages/ini.js": "./vendor/server/esm.sh/v92/highlight.js@11.6.0/deno/lib/languages/ini.js",
      "/v92/highlight.js@11.6.0/deno/lib/languages/java.js": "./vendor/server/esm.sh/v92/highlight.js@11.6.0/deno/lib/languages/java.js",
      "/v92/highlight.js@11.6.0/deno/lib/languages/javascript.js": "./vendor/server/esm.sh/v92/highlight.js@11.6.0/deno/lib/languages/javascript.js",
      "/v92/highlight.js@11.6.0/deno/lib/languages/json.js": "./vendor/server/esm.sh/v92/highlight.js@11.6.0/deno/lib/languages/json.js",
      "/v92/highlight.js@11.6.0/deno/lib/languages/kotlin.js": "./vendor/server/esm.sh/v92/highlight.js@11.6.0/deno/lib/languages/kotlin.js",
      "/v92/highlight.js@11.6.0/deno/lib/languages/less.js": "./vendor/server/esm.sh/v92/highlight.js@11.6.0/deno/lib/languages/less.js",
      "/v92/highlight.js@11.6.0/deno/lib/languages/lua.js": "./vendor/server/esm.sh/v92/highlight.js@11.6.0/deno/lib/languages/lua.js",
      "/v92/highlight.js@11.6.0/deno/lib/languages/makefile.js": "./vendor/server/esm.sh/v92/highlight.js@11.6.0/deno/lib/languages/makefile.js",
      "/v92/highlight.js@11.6.0/deno/lib/languages/markdown.js": "./vendor/server/esm.sh/v92/highlight.js@11.6.0/deno/lib/languages/markdown.js",
      "/v92/highlight.js@11.6.0/deno/lib/languages/objectivec.js": "./vendor/server/esm.sh/v92/highlight.js@11.6.0/deno/lib/languages/objectivec.js",
      "/v92/highlight.js@11.6.0/deno/lib/languages/perl.js": "./vendor/server/esm.sh/v92/highlight.js@11.6.0/deno/lib/languages/perl.js",
      "/v92/highlight.js@11.6.0/deno/lib/languages/php-template.js": "./vendor/server/esm.sh/v92/highlight.js@11.6.0/deno/lib/languages/php-template.js",
      "/v92/highlight.js@11.6.0/deno/lib/languages/php.js": "./vendor/server/esm.sh/v92/highlight.js@11.6.0/deno/lib/languages/php.js",
      "/v92/highlight.js@11.6.0/deno/lib/languages/plaintext.js": "./vendor/server/esm.sh/v92/highlight.js@11.6.0/deno/lib/languages/plaintext.js",
      "/v92/highlight.js@11.6.0/deno/lib/languages/python-repl.js": "./vendor/server/esm.sh/v92/highlight.js@11.6.0/deno/lib/languages/python-repl.js",
      "/v92/highlight.js@11.6.0/deno/lib/languages/python.js": "./vendor/server/esm.sh/v92/highlight.js@11.6.0/deno/lib/languages/python.js",
      "/v92/highlight.js@11.6.0/deno/lib/languages/r.js": "./vendor/server/esm.sh/v92/highlight.js@11.6.0/deno/lib/languages/r.js",
      "/v92/highlight.js@11.6.0/deno/lib/languages/ruby.js": "./vendor/server/esm.sh/v92/highlight.js@11.6.0/deno/lib/languages/ruby.js",
      "/v92/highlight.js@11.6.0/deno/lib/languages/rust.js": "./vendor/server/esm.sh/v92/highlight.js@11.6.0/deno/lib/languages/rust.js",
      "/v92/highlight.js@11.6.0/deno/lib/languages/scss.js": "./vendor/server/esm.sh/v92/highlight.js@11.6.0/deno/lib/languages/scss.js",
      "/v92/highlight.js@11.6.0/deno/lib/languages/shell.js": "./vendor/server/esm.sh/v92/highlight.js@11.6.0/deno/lib/languages/shell.js",
      "/v92/highlight.js@11.6.0/deno/lib/languages/sql.js": "./vendor/server/esm.sh/v92/highlight.js@11.6.0/deno/lib/languages/sql.js",
      "/v92/highlight.js@11.6.0/deno/lib/languages/swift.js": "./vendor/server/esm.sh/v92/highlight.js@11.6.0/deno/lib/languages/swift.js",
      "/v92/highlight.js@11.6.0/deno/lib/languages/typescript.js": "./vendor/server/esm.sh/v92/highlight.js@11.6.0/deno/lib/languages/typescript.js",
      "/v92/highlight.js@11.6.0/deno/lib/languages/vbnet.js": "./vendor/server/esm.sh/v92/highlight.js@11.6.0/deno/lib/languages/vbnet.js",
      "/v92/highlight.js@11.6.0/deno/lib/languages/wasm.js": "./vendor/server/esm.sh/v92/highlight.js@11.6.0/deno/lib/languages/wasm.js",
      "/v92/highlight.js@11.6.0/deno/lib/languages/xml.js": "./vendor/server/esm.sh/v92/highlight.js@11.6.0/deno/lib/languages/xml.js",
      "/v92/highlight.js@11.6.0/deno/lib/languages/yaml.js": "./vendor/server/esm.sh/v92/highlight.js@11.6.0/deno/lib/languages/yaml.js",
      "/v92/lowlight@2.7.0/deno/lowlight.js": "./vendor/server/esm.sh/v92/lowlight@2.7.0/deno/lowlight.js",
      "/v92/react-dom@18.2.0/deno/server.js": "./vendor/server/esm.sh/v92/react-dom@18.2.0/deno/server.js",
      "/v92/rehype-highlight@5.0.2/deno/rehype-highlight.js": "./vendor/server/esm.sh/v92/rehype-highlight@5.0.2/deno/rehype-highlight.js",
      "/v92/unist-util-find-after@4.0.0/deno/unist-util-find-after.js": "./vendor/server/esm.sh/v92/unist-util-find-after@4.0.0/deno/unist-util-find-after.js",
      "/v92/unist-util-is@5.1.1/deno/unist-util-is.js": "./vendor/server/esm.sh/v92/unist-util-is@5.1.1/deno/unist-util-is.js",
      "/v92/unist-util-visit-parents@5.1.1/deno/unist-util-visit-parents.js": "./vendor/server/esm.sh/v92/unist-util-visit-parents@5.1.1/deno/unist-util-visit-parents.js",
      "/v92/unist-util-visit@4.1.1/deno/unist-util-visit.js": "./vendor/server/esm.sh/v92/unist-util-visit@4.1.1/deno/unist-util-visit.js",
    },
  },
}
`;
