export const snapshot = {};

snapshot[`read a file 1`] = `
'import React from "https://esm.sh/react@18.2.0";

type AppProps = {
  name: string;
};

export default function App(props: AppProps) {
  return <div>Hello World</div>;
}
'
`;
